127.0.0.1 - - [24/Sep/2024:10:30:05 +0900] "GET / HTTP/1.1" 404 807
0:0:0:0:0:0:0:1 - - [24/Sep/2024:10:30:24 +0900] "GET /human/test/main.do HTTP/1.1" 404 721
0:0:0:0:0:0:0:1 - - [24/Sep/2024:10:30:24 +0900] "GET /favicon.ico HTTP/1.1" 404 818
0:0:0:0:0:0:0:1 - - [24/Sep/2024:10:30:31 +0900] "GET /human/test/main1.do HTTP/1.1" 200 146
0:0:0:0:0:0:0:1 - - [24/Sep/2024:10:38:22 +0900] "GET /human/test/main1.do HTTP/1.1" 404 721
0:0:0:0:0:0:0:1 - - [24/Sep/2024:10:38:28 +0900] "GET /human/test/main1.do HTTP/1.1" 404 721
0:0:0:0:0:0:0:1 - - [24/Sep/2024:10:38:37 +0900] "GET /human/test/main2.do HTTP/1.1" 404 721
127.0.0.1 - - [24/Sep/2024:10:41:11 +0900] "GET / HTTP/1.1" 404 807
0:0:0:0:0:0:0:1 - - [24/Sep/2024:10:41:16 +0900] "GET /human/test/main2.do HTTP/1.1" 200 168
0:0:0:0:0:0:0:1 - - [24/Sep/2024:10:41:58 +0900] "GET /human/test/main1.do HTTP/1.1" 200 159
0:0:0:0:0:0:0:1 - - [24/Sep/2024:10:42:05 +0900] "GET /human/test/main2.do HTTP/1.1" 200 168
0:0:0:0:0:0:0:1 - - [24/Sep/2024:11:09:46 +0900] "GET /human/test/main3.do HTTP/1.1" 404 721
127.0.0.1 - - [24/Sep/2024:11:09:57 +0900] "GET / HTTP/1.1" 404 807
0:0:0:0:0:0:0:1 - - [24/Sep/2024:11:10:00 +0900] "GET /human/test/main3.do HTTP/1.1" 200 271
0:0:0:0:0:0:0:1 - - [24/Sep/2024:11:10:03 +0900] "GET /human/test/main4.do HTTP/1.1" 200 271
127.0.0.1 - - [24/Sep/2024:11:15:25 +0900] "GET / HTTP/1.1" 404 807
0:0:0:0:0:0:0:1 - - [24/Sep/2024:11:15:27 +0900] "GET /human/test/main4.do HTTP/1.1" 405 801
127.0.0.1 - - [24/Sep/2024:11:16:32 +0900] "GET / HTTP/1.1" 404 807
0:0:0:0:0:0:0:1 - - [24/Sep/2024:11:16:34 +0900] "GET /human/test/main4.do HTTP/1.1" 200 271
0:0:0:0:0:0:0:1 - - [24/Sep/2024:11:17:27 +0900] "GET /human/test/main/%EC%95%84%EB%AC%B4%EA%B1%B0%EB%82%98/search HTTP/1.1" 404 721
127.0.0.1 - - [24/Sep/2024:11:17:37 +0900] "GET / HTTP/1.1" 404 807
0:0:0:0:0:0:0:1 - - [24/Sep/2024:11:17:43 +0900] "GET /human/test/main/%EC%95%84%EB%AC%B4%EA%B1%B0%EB%82%98/search HTTP/1.1" 404 721
0:0:0:0:0:0:0:1 - - [24/Sep/2024:11:17:47 +0900] "GET /human/test/main/%EC%95%84%EB%AC%B4%EA%B1%B0%EB%82%98 HTTP/1.1" 200 271
127.0.0.1 - - [24/Sep/2024:11:18:13 +0900] "GET / HTTP/1.1" 404 807
0:0:0:0:0:0:0:1 - - [24/Sep/2024:11:18:18 +0900] "GET /human/test/main/%EC%95%84%EB%AC%B4%EA%B1%B0%EB%82%98/search HTTP/1.1" 200 271
127.0.0.1 - - [24/Sep/2024:11:26:09 +0900] "GET / HTTP/1.1" 404 807
0:0:0:0:0:0:0:1 - - [24/Sep/2024:11:26:13 +0900] "GET /human/test/main5.do HTTP/1.1" 200 258
0:0:0:0:0:0:0:1 - - [24/Sep/2024:11:26:17 +0900] "GET /human/test/main6.do HTTP/1.1" 404 721
0:0:0:0:0:0:0:1 - - [24/Sep/2024:11:26:22 +0900] "GET /human/test/main5.do HTTP/1.1" 200 258
0:0:0:0:0:0:0:1 - - [24/Sep/2024:11:36:04 +0900] "GET /human/sub/main1.do HTTP/1.1" 404 721
127.0.0.1 - - [24/Sep/2024:11:36:14 +0900] "GET / HTTP/1.1" 404 807
0:0:0:0:0:0:0:1 - - [24/Sep/2024:11:36:18 +0900] "GET /human/sub/main1.do HTTP/1.1" 200 249
0:0:0:0:0:0:0:1 - - [24/Sep/2024:12:39:50 +0900] "GET /human/loginForm.do HTTP/1.1" 404 721
127.0.0.1 - - [24/Sep/2024:12:40:01 +0900] "GET / HTTP/1.1" 404 807
0:0:0:0:0:0:0:1 - - [24/Sep/2024:12:40:05 +0900] "GET /human/loginForm.do HTTP/1.1" 200 337
0:0:0:0:0:0:0:1 - - [24/Sep/2024:12:40:18 +0900] "POST /human/login HTTP/1.1" 200 128
0:0:0:0:0:0:0:1 - - [24/Sep/2024:12:41:24 +0900] "GET /human/login HTTP/1.1" 200 182
0:0:0:0:0:0:0:1 - - [24/Sep/2024:12:41:46 +0900] "GET /human/loginForm.do HTTP/1.1" 200 333
0:0:0:0:0:0:0:1 - - [24/Sep/2024:12:41:56 +0900] "POST /human/login HTTP/1.1" 200 189
127.0.0.1 - - [24/Sep/2024:14:09:03 +0900] "GET / HTTP/1.1" 404 807
0:0:0:0:0:0:0:1 - - [24/Sep/2024:14:09:06 +0900] "GET /human/loginForm.do HTTP/1.1" 200 334
0:0:0:0:0:0:0:1 - - [24/Sep/2024:14:09:09 +0900] "POST /human/login2 HTTP/1.1" 200 188
0:0:0:0:0:0:0:1 - - [24/Sep/2024:14:13:46 +0900] "POST /human/login2 HTTP/1.1" 200 188
0:0:0:0:0:0:0:1 - - [24/Sep/2024:14:13:53 +0900] "GET /human/loginForm.do HTTP/1.1" 200 343
0:0:0:0:0:0:0:1 - - [24/Sep/2024:14:13:56 +0900] "POST /human/login2 HTTP/1.1" 400 924
0:0:0:0:0:0:0:1 - - [24/Sep/2024:14:16:19 +0900] "GET /human/loginForm.do HTTP/1.1" 200 343
0:0:0:0:0:0:0:1 - - [24/Sep/2024:14:16:22 +0900] "POST /human/login2 HTTP/1.1" 400 924
127.0.0.1 - - [24/Sep/2024:14:16:51 +0900] "GET / HTTP/1.1" 404 807
127.0.0.1 - - [24/Sep/2024:14:17:20 +0900] "GET / HTTP/1.1" 404 807
0:0:0:0:0:0:0:1 - - [24/Sep/2024:14:17:23 +0900] "POST /human/login2 HTTP/1.1" 200 186
0:0:0:0:0:0:0:1 - - [24/Sep/2024:14:18:30 +0900] "POST /human/login2 HTTP/1.1" 200 186
0:0:0:0:0:0:0:1 - - [24/Sep/2024:14:18:34 +0900] "POST /human/login2 HTTP/1.1" 200 186
0:0:0:0:0:0:0:1 - - [24/Sep/2024:14:18:45 +0900] "GET /human/loginForm.do HTTP/1.1" 404 721
0:0:0:0:0:0:0:1 - - [24/Sep/2024:14:18:46 +0900] "GET /human/loginForm.do HTTP/1.1" 404 721
0:0:0:0:0:0:0:1 - - [24/Sep/2024:14:18:46 +0900] "GET /human/loginForm.do HTTP/1.1" 404 721
0:0:0:0:0:0:0:1 - - [24/Sep/2024:14:18:46 +0900] "GET /human/loginForm.do HTTP/1.1" 404 721
0:0:0:0:0:0:0:1 - - [24/Sep/2024:14:18:47 +0900] "GET /human/loginForm.do HTTP/1.1" 404 721
0:0:0:0:0:0:0:1 - - [24/Sep/2024:14:18:47 +0900] "GET /human/loginForm.do HTTP/1.1" 404 721
0:0:0:0:0:0:0:1 - - [24/Sep/2024:14:18:47 +0900] "GET /human/loginForm.do HTTP/1.1" 404 721
0:0:0:0:0:0:0:1 - - [24/Sep/2024:14:18:47 +0900] "GET /human/loginForm.do HTTP/1.1" 404 721
0:0:0:0:0:0:0:1 - - [24/Sep/2024:14:18:48 +0900] "GET /human/loginForm.do HTTP/1.1" 404 721
0:0:0:0:0:0:0:1 - - [24/Sep/2024:14:18:48 +0900] "GET /human/loginForm.do HTTP/1.1" 404 721
0:0:0:0:0:0:0:1 - - [24/Sep/2024:14:18:48 +0900] "GET /human/loginForm.do HTTP/1.1" 404 721
0:0:0:0:0:0:0:1 - - [24/Sep/2024:14:18:49 +0900] "GET /human/loginForm.do HTTP/1.1" 404 721
0:0:0:0:0:0:0:1 - - [24/Sep/2024:14:18:49 +0900] "GET /human/loginForm.do HTTP/1.1" 404 721
0:0:0:0:0:0:0:1 - - [24/Sep/2024:14:18:49 +0900] "GET /human/loginForm.do HTTP/1.1" 404 721
0:0:0:0:0:0:0:1 - - [24/Sep/2024:14:18:49 +0900] "GET /human/loginForm.do HTTP/1.1" 404 721
0:0:0:0:0:0:0:1 - - [24/Sep/2024:14:18:49 +0900] "GET /human/loginForm.do HTTP/1.1" 404 721
0:0:0:0:0:0:0:1 - - [24/Sep/2024:14:18:49 +0900] "GET /human/loginForm.do HTTP/1.1" 404 721
0:0:0:0:0:0:0:1 - - [24/Sep/2024:14:18:50 +0900] "GET /human/loginForm.do HTTP/1.1" 404 721
0:0:0:0:0:0:0:1 - - [24/Sep/2024:14:18:50 +0900] "GET /human/loginForm.do HTTP/1.1" 404 721
0:0:0:0:0:0:0:1 - - [24/Sep/2024:14:18:50 +0900] "GET /human/loginForm.do HTTP/1.1" 404 721
0:0:0:0:0:0:0:1 - - [24/Sep/2024:14:18:51 +0900] "GET /human/loginForm.do HTTP/1.1" 404 721
0:0:0:0:0:0:0:1 - - [24/Sep/2024:14:18:51 +0900] "GET /human/loginForm.do HTTP/1.1" 404 721
0:0:0:0:0:0:0:1 - - [24/Sep/2024:14:19:12 +0900] "GET /human/loginForm.do HTTP/1.1" 404 721
0:0:0:0:0:0:0:1 - - [24/Sep/2024:14:19:13 +0900] "GET /human/loginForm.do HTTP/1.1" 404 721
0:0:0:0:0:0:0:1 - - [24/Sep/2024:14:19:13 +0900] "GET /human/loginForm.do HTTP/1.1" 404 721
0:0:0:0:0:0:0:1 - - [24/Sep/2024:14:19:13 +0900] "GET /human/loginForm.do HTTP/1.1" 404 721
127.0.0.1 - - [24/Sep/2024:14:19:23 +0900] "GET / HTTP/1.1" 404 807
0:0:0:0:0:0:0:1 - - [24/Sep/2024:14:19:24 +0900] "GET /human/loginForm.do HTTP/1.1" 200 343
0:0:0:0:0:0:0:1 - - [24/Sep/2024:14:19:28 +0900] "POST /human/login2 HTTP/1.1" 400 924
0:0:0:0:0:0:0:1 - - [24/Sep/2024:14:30:15 +0900] "GET /human/login2 HTTP/1.1" 404 721
0:0:0:0:0:0:0:1 - - [24/Sep/2024:14:30:19 +0900] "GET /human/loginForm.do HTTP/1.1" 404 721
0:0:0:0:0:0:0:1 - - [24/Sep/2024:14:30:21 +0900] "GET /human/loginForm.do HTTP/1.1" 404 721
127.0.0.1 - - [24/Sep/2024:14:30:32 +0900] "GET / HTTP/1.1" 404 807
0:0:0:0:0:0:0:1 - - [24/Sep/2024:14:30:34 +0900] "GET /human/loginForm.do HTTP/1.1" 200 334
0:0:0:0:0:0:0:1 - - [24/Sep/2024:14:30:39 +0900] "POST /human/login2 HTTP/1.1" 200 186
0:0:0:0:0:0:0:1 - - [24/Sep/2024:14:31:35 +0900] "GET /human/loginForm.do HTTP/1.1" 200 334
0:0:0:0:0:0:0:1 - - [24/Sep/2024:14:32:49 +0900] "POST /human/login2 HTTP/1.1" 200 188
127.0.0.1 - - [24/Sep/2024:14:33:04 +0900] "GET / HTTP/1.1" 404 807
0:0:0:0:0:0:0:1 - - [24/Sep/2024:14:33:09 +0900] "POST /human/login2 HTTP/1.1" 200 188
0:0:0:0:0:0:0:1 - - [24/Sep/2024:14:35:05 +0900] "GET /human/loginForm.do HTTP/1.1" 200 334
0:0:0:0:0:0:0:1 - - [24/Sep/2024:14:35:06 +0900] "GET /human/loginForm.do HTTP/1.1" 200 334
0:0:0:0:0:0:0:1 - - [24/Sep/2024:14:35:06 +0900] "GET /human/loginForm.do HTTP/1.1" 200 334
0:0:0:0:0:0:0:1 - - [24/Sep/2024:14:35:06 +0900] "GET /human/loginForm.do HTTP/1.1" 200 334
127.0.0.1 - - [24/Sep/2024:14:35:17 +0900] "GET / HTTP/1.1" 404 807
0:0:0:0:0:0:0:1 - - [24/Sep/2024:14:35:22 +0900] "POST /human/login2 HTTP/1.1" 200 186
127.0.0.1 - - [24/Sep/2024:14:40:40 +0900] "GET / HTTP/1.1" 404 807
0:0:0:0:0:0:0:1 - - [24/Sep/2024:14:40:42 +0900] "POST /human/login2 HTTP/1.1" 200 186
0:0:0:0:0:0:0:1 - - [24/Sep/2024:14:44:12 +0900] "POST /human/login2 HTTP/1.1" 404 721
127.0.0.1 - - [24/Sep/2024:14:44:22 +0900] "GET / HTTP/1.1" 404 807
0:0:0:0:0:0:0:1 - - [24/Sep/2024:14:44:25 +0900] "GET /human/loginForm.do HTTP/1.1" 200 334
0:0:0:0:0:0:0:1 - - [24/Sep/2024:14:44:28 +0900] "POST /human/login2 HTTP/1.1" 200 191
127.0.0.1 - - [24/Sep/2024:14:55:26 +0900] "GET / HTTP/1.1" 404 807
0:0:0:0:0:0:0:1 - - [24/Sep/2024:14:55:31 +0900] "GET /human/loginForm.do HTTP/1.1" 500 11544
0:0:0:0:0:0:0:1 - - [24/Sep/2024:14:55:33 +0900] "GET /human/loginForm.do HTTP/1.1" 500 11544
0:0:0:0:0:0:0:1 - - [24/Sep/2024:14:55:34 +0900] "GET /human/loginForm.do HTTP/1.1" 500 11544
0:0:0:0:0:0:0:1 - - [24/Sep/2024:14:55:34 +0900] "GET /human/loginForm.do HTTP/1.1" 500 11544
0:0:0:0:0:0:0:1 - - [24/Sep/2024:14:55:34 +0900] "GET /human/loginForm.do HTTP/1.1" 500 11544
127.0.0.1 - - [24/Sep/2024:14:55:59 +0900] "GET / HTTP/1.1" 404 807
0:0:0:0:0:0:0:1 - - [24/Sep/2024:14:56:02 +0900] "GET /human/loginForm.do HTTP/1.1" 200 334
0:0:0:0:0:0:0:1 - - [24/Sep/2024:14:56:07 +0900] "POST /human/login2 HTTP/1.1" 200 184
0:0:0:0:0:0:0:1 - - [24/Sep/2024:14:57:08 +0900] "POST /human/login2 HTTP/1.1" 200 184
0:0:0:0:0:0:0:1 - - [24/Sep/2024:14:57:10 +0900] "GET /human/loginForm.do HTTP/1.1" 200 334
127.0.0.1 - - [24/Sep/2024:14:57:20 +0900] "GET / HTTP/1.1" 404 807
0:0:0:0:0:0:0:1 - - [24/Sep/2024:14:57:23 +0900] "POST /human/login2 HTTP/1.1" 200 184
0:0:0:0:0:0:0:1 - - [24/Sep/2024:14:58:10 +0900] "POST /human/login2 HTTP/1.1" 200 184
0:0:0:0:0:0:0:1 - - [24/Sep/2024:14:58:18 +0900] "POST /human/login2 HTTP/1.1" 404 721
0:0:0:0:0:0:0:1 - - [24/Sep/2024:14:58:22 +0900] "GET /human/loginForm.do HTTP/1.1" 404 721
127.0.0.1 - - [24/Sep/2024:14:58:32 +0900] "GET / HTTP/1.1" 404 807
0:0:0:0:0:0:0:1 - - [24/Sep/2024:14:58:41 +0900] "GET /human/loginForm.do HTTP/1.1" 200 334
0:0:0:0:0:0:0:1 - - [24/Sep/2024:14:58:44 +0900] "POST /human/login4 HTTP/1.1" 200 184
0:0:0:0:0:0:0:1 - - [24/Sep/2024:15:25:20 +0900] "POST /human/login4 HTTP/1.1" 404 721
127.0.0.1 - - [24/Sep/2024:15:25:33 +0900] "GET / HTTP/1.1" 404 807
0:0:0:0:0:0:0:1 - - [24/Sep/2024:15:25:39 +0900] "POST /human/login4 HTTP/1.1" 200 188
